[    0.000000] Initializing cgroup subsys cpuset
[    0.000000] Initializing cgroup subsys cpu
[    0.000000] Initializing cgroup subsys cpuacct
[    0.000000] Linux version 4.4.0-210-generic (buildd@lgw01-amd64-009) (gcc version 5.4.0 20160609 (Ubuntu 5.4.0-6ubuntu1~16.04.12) ) #242-Ubuntu SMP Fri Apr 16 09:57:56 UTC 2021 (Ubuntu 4.4.0-210.242-generic 4.4.262)
[    0.000000] Command line: BOOT_IMAGE=/boot/vmlinuz-4.4.0-210-generic root=LABEL=cloudimg-rootfs ro console=tty1 console=ttyS0
[    0.000000] KERNEL supported cpus:
[    0.000000]   Intel GenuineIntel
[    0.000000]   AMD AuthenticAMD
[    0.000000]   Centaur CentaurHauls
[    0.000000] x86/fpu: xstate_offset[2]:  576, xstate_sizes[2]:  256
[    0.000000] x86/fpu: Supporting XSAVE feature 0x01: 'x87 floating point registers'
[    0.000000] x86/fpu: Supporting XSAVE feature 0x02: 'SSE registers'
[    0.000000] x86/fpu: Supporting XSAVE feature 0x04: 'AVX registers'
[    0.000000] x86/fpu: Enabled xstate features 0x7, context size is 832 bytes, using 'standard' format.
[    0.000000] e820: BIOS-provided physical RAM map:
[    0.000000] BIOS-e820: [mem 0x0000000000000000-0x000000000009fbff] usable
[    0.000000] BIOS-e820: [mem 0x000000000009fc00-0x000000000009ffff] reserved
[    0.000000] BIOS-e820: [mem 0x00000000000f0000-0x00000000000fffff] reserved
[    0.000000] BIOS-e820: [mem 0x0000000000100000-0x000000003ffeffff] usable
[    0.000000] BIOS-e820: [mem 0x000000003fff0000-0x000000003fffffff] ACPI data
[    0.000000] BIOS-e820: [mem 0x00000000fec00000-0x00000000fec00fff] reserved
[    0.000000] BIOS-e820: [mem 0x00000000fee00000-0x00000000fee00fff] reserved
[    0.000000] BIOS-e820: [mem 0x00000000fffc0000-0x00000000ffffffff] reserved
[    0.000000] NX (Execute Disable) protection: active
[    0.000000] SMBIOS 2.5 present.
[    0.000000] Hypervisor detected: KVM
[    0.000000] e820: last_pfn = 0x3fff0 max_arch_pfn = 0x400000000
[    0.000000] MTRR: Disabled
[    0.000000] x86/PAT: MTRRs disabled, skipping PAT initialization too.
[    0.000000] CPU MTRRs all blank - virtualized system.
[    0.000000] x86/PAT: Configuration [0-7]: WB  WT  UC- UC  WB  WT  UC- UC  
[    0.000000] found SMP MP-table at [mem 0x0009fff0-0x0009ffff] mapped at [ffff88000009fff0]
[    0.000000] Scanning 1 areas for low memory corruption
[    0.000000] RAMDISK: [mem 0x362dc000-0x37165fff]
[    0.000000] ACPI: Early table checksum verification disabled
[    0.000000] ACPI: RSDP 0x00000000000E0000 000024 (v02 VBOX  )
[    0.000000] ACPI: XSDT 0x000000003FFF0030 00003C (v01 VBOX   VBOXXSDT 00000001 ASL  00000061)
[    0.000000] ACPI: FACP 0x000000003FFF00F0 0000F4 (v04 VBOX   VBOXFACP 00000001 ASL  00000061)
[    0.000000] ACPI: DSDT 0x000000003FFF0610 002353 (v02 VBOX   VBOXBIOS 00000002 INTL 20200925)
[    0.000000] ACPI: FACS 0x000000003FFF0200 000040
[    0.000000] ACPI: FACS 0x000000003FFF0200 000040
[    0.000000] ACPI: APIC 0x000000003FFF0240 00005C (v02 VBOX   VBOXAPIC 00000001 ASL  00000061)
[    0.000000] ACPI: SSDT 0x000000003FFF02A0 00036C (v01 VBOX   VBOXCPUT 00000002 INTL 20200925)
[    0.000000] No NUMA configuration found
[    0.000000] Faking a node at [mem 0x0000000000000000-0x000000003ffeffff]
[    0.000000] NODE_DATA(0) allocated [mem 0x3ffeb000-0x3ffeffff]
[    0.000000] kvm-clock: Using msrs 4b564d01 and 4b564d00
[    0.000000] kvm-clock: cpu 0, msr 0:3ffe3001, primary cpu clock
[    0.000000] kvm-clock: using sched offset of 3009646261 cycles
[    0.000000] clocksource: kvm-clock: mask: 0xffffffffffffffff max_cycles: 0x1cd42e4dffb, max_idle_ns: 881590591483 ns
[    0.000000] Zone ranges:
[    0.000000]   DMA      [mem 0x0000000000001000-0x0000000000ffffff]
[    0.000000]   DMA32    [mem 0x0000000001000000-0x000000003ffeffff]
[    0.000000]   Normal   empty
[    0.000000]   Device   empty
[    0.000000] Movable zone start for each node
[    0.000000] Early memory node ranges
[    0.000000]   node   0: [mem 0x0000000000001000-0x000000000009efff]
[    0.000000]   node   0: [mem 0x0000000000100000-0x000000003ffeffff]
[    0.000000] Initmem setup node 0 [mem 0x0000000000001000-0x000000003ffeffff]
[    0.000000] ACPI: PM-Timer IO Port: 0x4008
[    0.000000] IOAPIC[0]: apic_id 2, version 32, address 0xfec00000, GSI 0-23
[    0.000000] ACPI: INT_SRC_OVR (bus 0 bus_irq 0 global_irq 2 dfl dfl)
[    0.000000] ACPI: INT_SRC_OVR (bus 0 bus_irq 9 global_irq 9 low level)
[    0.000000] Using ACPI (MADT) for SMP configuration information
[    0.000000] smpboot: Allowing 2 CPUs, 0 hotplug CPUs
[    0.000000] PM: Registered nosave memory: [mem 0x00000000-0x00000fff]
[    0.000000] PM: Registered nosave memory: [mem 0x0009f000-0x0009ffff]
[    0.000000] PM: Registered nosave memory: [mem 0x000a0000-0x000effff]
[    0.000000] PM: Registered nosave memory: [mem 0x000f0000-0x000fffff]
[    0.000000] e820: [mem 0x40000000-0xfebfffff] available for PCI devices
[    0.000000] Booting paravirtualized kernel on KVM
[    0.000000] clocksource: refined-jiffies: mask: 0xffffffff max_cycles: 0xffffffff, max_idle_ns: 7645519600211568 ns
[    0.000000] setup_percpu: NR_CPUS:512 nr_cpumask_bits:512 nr_cpu_ids:2 nr_node_ids:1
[    0.000000] PERCPU: Embedded 33 pages/cpu @ffff88003fc00000 s95192 r8192 d31784 u1048576
[    0.000000] Built 1 zonelists in Node order, mobility grouping on.  Total pages: 257912
[    0.000000] Policy zone: DMA32
[    0.000000] Kernel command line: BOOT_IMAGE=/boot/vmlinuz-4.4.0-210-generic root=LABEL=cloudimg-rootfs ro console=tty1 console=ttyS0
[    0.000000] PID hash table entries: 4096 (order: 3, 32768 bytes)
[    0.000000] Memory: 997792K/1048120K available (8644K kernel code, 1332K rwdata, 4044K rodata, 1492K init, 1164K bss, 50328K reserved, 0K cma-reserved)
[    0.000000] SLUB: HWalign=64, Order=0-3, MinObjects=0, CPUs=2, Nodes=1
[    0.000000] Kernel/User page tables isolation: enabled
[    0.000000] Hierarchical RCU implementation.
[    0.000000] 	Build-time adjustment of leaf fanout to 64.
[    0.000000] 	RCU restricting CPUs from NR_CPUS=512 to nr_cpu_ids=2.
[    0.000000] RCU: Adjusting geometry for rcu_fanout_leaf=64, nr_cpu_ids=2
[    0.000000] NR_IRQS:33024 nr_irqs:440 16
[    0.000000] Console: colour VGA+ 80x25
[    0.000000] console [tty1] enabled
[    0.000000] console [ttyS0] enabled
[    0.000000] tsc: Detected 2403.870 MHz processor
[    0.097773] Calibrating delay loop (skipped) preset value.. 4807.74 BogoMIPS (lpj=9615480)
[    0.098911] pid_max: default: 32768 minimum: 301
[    0.099553] ACPI: Core revision 20150930
[    0.100926] ACPI: 2 ACPI AML tables successfully acquired and loaded
[    0.101840] Security Framework initialized
[    0.102407] Yama: becoming mindful.
[    0.102984] AppArmor: AppArmor initialized
[    0.103601] Dentry cache hash table entries: 131072 (order: 8, 1048576 bytes)
[    0.104731] Inode-cache hash table entries: 65536 (order: 7, 524288 bytes)
[    0.105671] Mount-cache hash table entries: 2048 (order: 2, 16384 bytes)
[    0.106491] Mountpoint-cache hash table entries: 2048 (order: 2, 16384 bytes)
[    0.107488] Initializing cgroup subsys io
[    0.108045] Initializing cgroup subsys memory
[    0.108673] Initializing cgroup subsys devices
[    0.109277] Initializing cgroup subsys freezer
[    0.109919] Initializing cgroup subsys net_cls
[    0.110555] Initializing cgroup subsys perf_event
[    0.111210] Initializing cgroup subsys net_prio
[    0.111900] Initializing cgroup subsys hugetlb
[    0.112487] Initializing cgroup subsys pids
[    0.123034] mce: CPU supports 0 MCE banks
[    0.123655] Last level iTLB entries: 4KB 64, 2MB 8, 4MB 8
[    0.124392] Last level dTLB entries: 4KB 64, 2MB 0, 4MB 0, 1GB 4
[    0.125157] Spectre V1 : Mitigation: usercopy/swapgs barriers and __user pointer sanitization
[    0.126274] Spectre V2 : Mitigation: Full generic retpoline
[    0.127005] Spectre V2 : Spectre v2 / SpectreRSB mitigation: Filling RSB on context switch
[    0.128101] Speculative Store Bypass: Vulnerable
[    0.128719] SRBDS: Unknown: Dependent on hypervisor status
[    0.129560] MDS: Mitigation: Clear CPU buffers
[    0.132092] Freeing SMP alternatives memory: 36K
[    0.136929] ftrace: allocating 32380 entries in 127 pages
[    0.181341] smpboot: APIC(0) Converting physical 0 to logical package 0
[    0.182172] smpboot: Max logical packages: 1
[    0.182945] x2apic enabled
[    0.183620] Switched APIC routing to physical x2apic.
[    0.185158] ..TIMER: vector=0x30 apic1=0 pin1=2 apic2=-1 pin2=-1
[    0.294025] smpboot: CPU0: Intel(R) Core(TM) i5-9300H CPU @ 2.40GHz (family: 0x6, model: 0x9e, stepping: 0xd)
[    0.295502] Performance Events: unsupported p6 CPU model 158 no PMU driver, software events only.
[    0.302947] KVM setup paravirtual spinlock
[    0.304159] x86: Booting SMP configuration:
[    0.304751] .... node  #0, CPUs:      #1
[    0.305504] kvm-clock: cpu 1, msr 0:3ffe3041, secondary cpu clock
[    0.316191] mce: CPU supports 0 MCE banks
[    0.318553] x86: Booted up 1 node, 2 CPUs
[    0.319301] smpboot: Total of 2 processors activated (9615.48 BogoMIPS)
[    0.320489] devtmpfs: initialized
[    0.322483] evm: security.selinux
[    0.323013] evm: security.SMACK64
[    0.323507] evm: security.SMACK64EXEC
[    0.324067] evm: security.SMACK64TRANSMUTE
[    0.324645] evm: security.SMACK64MMAP
[    0.325186] evm: security.ima
[    0.325654] evm: security.capability
[    0.326272] clocksource: jiffies: mask: 0xffffffff max_cycles: 0xffffffff, max_idle_ns: 7645041785100000 ns
[    0.327572] futex hash table entries: 512 (order: 3, 32768 bytes)
[    0.328401] pinctrl core: initialized pinctrl subsystem
[    0.329184] RTC time: 22:51:21, date: 07/13/24
[    0.329996] NET: Registered protocol family 16
[    0.342249] cpuidle: using governor ladder
[    0.353837] cpuidle: using governor menu
[    0.354451] PCCT header not found.
[    0.355093] ACPI: bus type PCI registered
[    0.355689] acpiphp: ACPI Hot Plug PCI Controller Driver version: 0.5
[    0.356595] PCI: Using configuration type 1 for base access
[    0.370532] ACPI: Added _OSI(Module Device)
[    0.371133] ACPI: Added _OSI(Processor Device)
[    0.371777] ACPI: Added _OSI(3.0 _SCP Extensions)
[    0.372434] ACPI: Added _OSI(Processor Aggregator Device)
[    0.373625] ACPI: Executed 1 blocks of module-level executable AML code
[    0.376057] ACPI: Interpreter enabled
[    0.376632] ACPI: (supports S0 S5)
[    0.377149] ACPI: Using IOAPIC for interrupt routing
[    0.377913] PCI: Using host bridge windows from ACPI; if necessary, use "pci=nocrs" and report a bug
[    0.381688] ACPI: PCI Root Bridge [PCI0] (domain 0000 [bus 00-ff])
[    0.382473] acpi PNP0A03:00: _OSC: OS supports [ASPM ClockPM Segments MSI]
[    0.383512] acpi PNP0A03:00: _OSC: not requesting OS control; OS requires [ExtendedConfig ASPM ClockPM MSI]
[    0.384745] acpi PNP0A03:00: fail to add MMCONFIG information, can't access extended PCI configuration space under this bridge.
[    0.386374] PCI host bridge to bus 0000:00
[    0.386978] pci_bus 0000:00: root bus resource [io  0x0000-0x0cf7 window]
[    0.387827] pci_bus 0000:00: root bus resource [io  0x0d00-0xffff window]
[    0.388675] pci_bus 0000:00: root bus resource [mem 0x000a0000-0x000bffff window]
[    0.389730] pci_bus 0000:00: root bus resource [mem 0x40000000-0xfdffffff window]
[    0.390788] pci_bus 0000:00: root bus resource [bus 00-ff]
[    0.392537] pci 0000:00:01.1: legacy IDE quirk: reg 0x10: [io  0x01f0-0x01f7]
[    0.393418] pci 0000:00:01.1: legacy IDE quirk: reg 0x14: [io  0x03f6]
[    0.394225] pci 0000:00:01.1: legacy IDE quirk: reg 0x18: [io  0x0170-0x0177]
[    0.402373] pci 0000:00:01.1: legacy IDE quirk: reg 0x1c: [io  0x0376]
[    0.411067] pci 0000:00:07.0: quirk: [io  0x4000-0x403f] claimed by PIIX4 ACPI
[    0.412117] pci 0000:00:07.0: quirk: [io  0x4100-0x410f] claimed by PIIX4 SMB
[    0.417779] ACPI: PCI Interrupt Link [LNKA] (IRQs 5 9 10 *11)
[    0.419056] ACPI: PCI Interrupt Link [LNKB] (IRQs 5 9 *10 11)
[    0.420062] ACPI: PCI Interrupt Link [LNKC] (IRQs 5 *9 10 11)
[    0.421066] ACPI: PCI Interrupt Link [LNKD] (IRQs 5 9 10 *11)
[    0.422100] ACPI: Enabled 2 GPEs in block 00 to 07
[    0.422973] vgaarb: setting as boot device: PCI:0000:00:02.0
[    0.423676] vgaarb: device added: PCI:0000:00:02.0,decodes=io+mem,owns=io+mem,locks=none
[    0.424764] vgaarb: loaded
[    0.425238] vgaarb: bridge control possible 0000:00:02.0
[    0.426057] SCSI subsystem initialized
[    0.426755] ACPI: bus type USB registered
[    0.427358] usbcore: registered new interface driver usbfs
[    0.428047] usbcore: registered new interface driver hub
[    0.428719] usbcore: registered new device driver usb
[    0.429765] PCI: Using ACPI for IRQ routing
[    0.430544] NetLabel: Initializing
[    0.431038] NetLabel:  domain hash size = 128
[    0.431652] NetLabel:  protocols = UNLABELED CIPSOv4
[    0.432295] NetLabel:  unlabeled traffic allowed by default
[    0.433103] amd_nb: Cannot enumerate AMD northbridges
[    0.433818] clocksource: Switched to clocksource kvm-clock
[    0.438381] AppArmor: AppArmor Filesystem Enabled
[    0.439041] pnp: PnP ACPI init
[    0.440034] pnp: PnP ACPI: found 3 devices
[    0.447569] clocksource: acpi_pm: mask: 0xffffff max_cycles: 0xffffff, max_idle_ns: 2085701024 ns
[    0.448792] NET: Registered protocol family 2
[    0.449545] TCP established hash table entries: 8192 (order: 4, 65536 bytes)
[    0.450459] TCP bind hash table entries: 8192 (order: 5, 131072 bytes)
[    0.451244] TCP: Hash tables configured (established 8192 bind 8192)
[    0.452034] UDP hash table entries: 512 (order: 2, 16384 bytes)
[    0.452769] UDP-Lite hash table entries: 512 (order: 2, 16384 bytes)
[    0.453577] NET: Registered protocol family 1
[    0.454241] pci 0000:00:00.0: Limiting direct PCI/PCI transfers
[    0.454979] pci 0000:00:01.0: Activating ISA DMA hang workarounds
[    0.455824] Unpacking initramfs...
[    0.623651] Freeing initrd memory: 14888K
[    0.624436] clocksource: tsc: mask: 0xffffffffffffffff max_cycles: 0x22a67f51518, max_idle_ns: 440795308252 ns
[    0.625789] platform rtc_cmos: registered platform RTC device (no PNP device found)
[    0.626911] Scanning for low memory corruption every 60 seconds
[    0.628026] audit: initializing netlink subsys (disabled)
[    0.628730] audit: type=2000 audit(1720911085.776:1): initialized
[    0.629708] Initialise system trusted keyring
[    0.630548] HugeTLB registered 2 MB page size, pre-allocated 0 pages
[    0.632298] zbud: loaded
[    0.633018] VFS: Disk quotas dquot_6.6.0
[    0.633596] VFS: Dquot-cache hash table entries: 512 (order 0, 4096 bytes)
[    0.634665] squashfs: version 4.0 (2009/01/31) Phillip Lougher
[    0.635605] fuse init (API version 7.23)
[    0.636338] Key type big_key registered
[    0.636942] Allocating IMA MOK and blacklist keyrings.
[    0.638114] Key type asymmetric registered
[    0.638737] Asymmetric key parser 'x509' registered
[    0.639421] Block layer SCSI generic (bsg) driver version 0.4 loaded (major 249)
[    0.640535] io scheduler noop registered
[    0.641127] io scheduler deadline registered (default)
[    0.641856] io scheduler cfq registered
[    0.642475] pci_hotplug: PCI Hot Plug PCI Core version: 0.5
[    0.643223] pciehp: PCI Express Hot Plug Controller Driver version: 0.4
[    0.644131] ACPI: AC Adapter [AC] (on-line)
[    0.644731] input: Power Button as /devices/LNXSYSTM:00/LNXPWRBN:00/input/input0
[    0.645773] ACPI: Power Button [PWRF]
[    0.646377] input: Sleep Button as /devices/LNXSYSTM:00/LNXSLPBN:00/input/input1
[    0.647427] ACPI: Sleep Button [SLPF]
[    0.648145] GHES: HEST is not enabled!
[    0.648539] ACPI: Battery Slot [BAT0] (battery present)
[    0.649555] Serial: 8250/16550 driver, 32 ports, IRQ sharing enabled
[    0.670714] 00:02: ttyS0 at I/O 0x3f8 (irq = 4, base_baud = 115200) is a 16550A
[    0.673431] Linux agpgart interface v0.103
[    0.675093] loop: module loaded
[    0.675912] scsi host0: ata_piix
[    0.676523] scsi host1: ata_piix
[    0.677018] ata1: PATA max UDMA/33 cmd 0x1f0 ctl 0x3f6 bmdma 0xd000 irq 14
[    0.677896] ata2: PATA max UDMA/33 cmd 0x170 ctl 0x376 bmdma 0xd008 irq 15
[    0.678944] libphy: Fixed MDIO Bus: probed
[    0.679501] tun: Universal TUN/TAP device driver, 1.6
[    0.680134] tun: (C) 1999-2004 Max Krasnyansky <maxk@qualcomm.com>
[    0.680964] PPP generic driver version 2.4.2
[    0.681642] ehci_hcd: USB 2.0 'Enhanced' Host Controller (EHCI) Driver
[    0.682457] ehci-pci: EHCI PCI platform driver
[    0.683074] ehci-platform: EHCI generic platform driver
[    0.683807] ohci_hcd: USB 1.1 'Open' Host Controller (OHCI) Driver
[    0.684604] ohci-pci: OHCI PCI platform driver
[    0.685217] ohci-platform: OHCI generic platform driver
[    0.685912] uhci_hcd: USB Universal Host Controller Interface driver
[    0.686705] i8042: PNP: PS/2 Controller [PNP0303:PS2K,PNP0f03:PS2M] at 0x60,0x64 irq 1,12
[    0.688226] serio: i8042 KBD port at 0x60,0x64 irq 1
[    0.688915] serio: i8042 AUX port at 0x60,0x64 irq 12
[    0.689678] mousedev: PS/2 mouse device common for all mice
[    0.690729] input: AT Translated Set 2 keyboard as /devices/platform/i8042/serio0/input/input2
[    0.692244] rtc_cmos rtc_cmos: rtc core: registered rtc_cmos as rtc0
[    0.693072] rtc_cmos rtc_cmos: alarms up to one day, 114 bytes nvram
[    0.693842] i2c /dev entries driver
[    0.694401] device-mapper: uevent: version 1.0.3
[    0.695106] device-mapper: ioctl: 4.34.0-ioctl (2015-10-28) initialised: dm-devel@redhat.com
[    0.696318] ledtrig-cpu: registered to indicate activity on CPUs
[    0.697324] NET: Registered protocol family 10
[    0.698125] NET: Registered protocol family 17
[    0.698777] Key type dns_resolver registered
[    0.699624] registered taskstats version 1
[    0.700197] Loading compiled-in X.509 certificates
[    0.701246] Loaded X.509 cert 'Build time autogenerated kernel key: cf00e047681d67edb2720680708b7d9498083038'
[    0.702507] zswap: loaded using pool lzo/zbud
[    0.704316] Key type trusted registered
[    0.707467] Key type encrypted registered
[    0.708041] AppArmor: AppArmor sha1 policy hashing enabled
[    0.708733] ima: No TPM chip found, activating TPM-bypass!
[    0.709477] ima: Allocated hash algorithm: sha1
[    0.710164] evm: HMAC attrs: 0x1
[    0.710874]   Magic number: 0:657:906
[    0.711470] rtc_cmos rtc_cmos: setting system clock to 2024-07-13 22:51:21 UTC (1720911081)
[    0.712647] BIOS EDD facility v0.16 2004-Jun-25, 0 devices found
[    0.713386] EDD information not available.
[    0.856469] Freeing unused kernel memory: 1492K
[    0.857150] Write protecting the kernel read-only data: 14336k
[    0.858184] Freeing unused kernel memory: 1584K
[    0.858929] Freeing unused kernel memory: 52K
Loading, please wait...
starting version 229
[    0.868058] random: systemd-udevd: uninitialized urandom read (16 bytes read, 1 bits of entropy available)
[    0.868469] random: udevadm: uninitialized urandom read (16 bytes read, 1 bits of entropy available)
[    0.868488] random: udevadm: uninitialized urandom read (16 bytes read, 1 bits of entropy available)
[    0.871893] random: systemd-udevd: uninitialized urandom read (16 bytes read, 1 bits of entropy available)
[    0.873169] random: systemd-udevd: uninitialized urandom read (16 bytes read, 1 bits of entropy available)
[    0.874055] random: udevadm: uninitialized urandom read (16 bytes read, 1 bits of entropy available)
[    0.874093] random: udevadm: uninitialized urandom read (16 bytes read, 1 bits of entropy available)
[    0.874194] random: udevadm: uninitialized urandom read (16 bytes read, 1 bits of entropy available)
[    0.874235] random: udevadm: uninitialized urandom read (16 bytes read, 1 bits of entropy available)
[    0.874276] random: udevadm: uninitialized urandom read (16 bytes read, 1 bits of entropy available)
[    0.911168] e1000: Intel(R) PRO/1000 Network Driver - version 7.3.21-k8-NAPI
[    0.912180] e1000: Copyright (c) 1999-2006 Intel Corporation.
[    0.915157] Fusion MPT base driver 3.04.20
[    0.915809] Copyright (c) 1999-2008 LSI Corporation
[    0.919038] Fusion MPT SPI Host driver 3.04.20
[    0.928218] AVX2 version of gcm_enc/dec engaged.
[    0.928893] AES CTR mode by8 optimization enabled
[    1.201493] input: ImExPS/2 Generic Explorer Mouse as /devices/platform/i8042/serio1/input/input4
[    1.225181] e1000 0000:00:03.0 eth0: (PCI:33MHz:32-bit) 02:be:82:6b:cc:1d
[    1.226110] e1000 0000:00:03.0 eth0: Intel(R) PRO/1000 Network Connection
[    1.709742] e1000 0000:00:08.0 eth1: (PCI:33MHz:32-bit) 08:00:27:5a:6a:9b
[    1.710643] e1000 0000:00:08.0 eth1: Intel(R) PRO/1000 Network Connection
[    1.712241] e1000 0000:00:08.0 enp0s8: renamed from eth1
[    1.713206] mptbase: ioc0: Initiating bringup
[    1.722216] e1000 0000:00:03.0 enp0s3: renamed from eth0
[    1.781998] ioc0: LSI53C1030 A0: Capabilities={Initiator}
[    1.943925] scsi host2: ioc0: LSI53C1030 A0, FwRev=00000000h, Ports=1, MaxQ=256, IRQ=20
[    2.054583] scsi 2:0:0:0: Direct-Access     VBOX     HARDDISK         1.0  PQ: 0 ANSI: 5
[    2.055843] scsi target2:0:0: Beginning Domain Validation
[    2.056996] scsi target2:0:0: Domain Validation skipping write tests
[    2.057781] scsi target2:0:0: Ending Domain Validation
[    2.058506] scsi target2:0:0: asynchronous
[    2.059347] scsi 2:0:1:0: Direct-Access     VBOX     HARDDISK         1.0  PQ: 0 ANSI: 5
[    2.067773] scsi target2:0:1: Beginning Domain Validation
[    2.069288] scsi target2:0:1: Domain Validation skipping write tests
[    2.070135] scsi target2:0:1: Ending Domain Validation
[    2.070822] scsi target2:0:1: asynchronous
[    2.074128] sd 2:0:0:0: [sda] 83886080 512-byte logical blocks: (42.9 GB/40.0 GiB)
[    2.074407] sd 2:0:0:0: Attached scsi generic sg0 type 0
[    2.076094] sd 2:0:0:0: [sda] Write Protect is off
[    2.076845] sd 2:0:1:0: Attached scsi generic sg1 type 0
[    2.077552] sd 2:0:1:0: [sdb] 20480 512-byte logical blocks: (10.5 MB/10.0 MiB)
[    2.077898] sd 2:0:0:0: [sda] Incomplete mode parameter data
[    2.077899] sd 2:0:0:0: [sda] Assuming drive cache: write through
[    2.080299] sd 2:0:1:0: [sdb] Write Protect is off
[    2.081186] sd 2:0:1:0: [sdb] Incomplete mode parameter data
[    2.081889] sd 2:0:1:0: [sdb] Assuming drive cache: write through
[    2.087868]  sda: sda1
[    2.089265] sd 2:0:0:0: [sda] Attached SCSI disk
[    2.089273] sd 2:0:1:0: [sdb] Attached SCSI disk
Begin: Loading essential drivers ... [    3.337303] md: linear personality registered for level -1
[    3.339488] md: multipath personality registered for level -4
[    3.341926] md: raid0 personality registered for level 0
[    3.345175] md: raid1 personality registered for level 1
[    3.413876] raid6: sse2x1   gen() 11860 MB/s
[    3.481868] raid6: sse2x1   xor()  7403 MB/s
[    3.549861] raid6: sse2x2   gen() 16707 MB/s
[    3.617867] raid6: sse2x2   xor() 11303 MB/s
[    3.685864] raid6: sse2x4   gen() 18506 MB/s
[    3.753863] raid6: sse2x4   xor() 11319 MB/s
[    3.821857] raid6: avx2x1   gen() 24742 MB/s
[    3.889860] raid6: avx2x2   gen() 31270 MB/s
[    3.957855] raid6: avx2x4   gen() 34995 MB/s
[    3.958489] raid6: using algorithm avx2x4 gen() 34995 MB/s
[    3.959173] raid6: using avx2x2 recovery algorithm
[    3.960598] xor: automatically using best checksumming function:
[    4.036311]    avx       : 102412.000 MB/sec
[    4.037890] async_tx: api initialized (async)
[    4.045106] md: raid6 personality registered for level 6
[    4.045842] md: raid5 personality registered for level 5
[    4.046581] md: raid4 personality registered for level 4
[    4.051433] md: raid10 personality registered for level 10
done.
Begin: Running /scripts/init-premount ... done.
Begin: Mounting root file system ... Begin: Running /scripts/local-top ... done.
Begin: Running /scripts/local-premount ... [    4.073077] Btrfs loaded
Scanning for Btrfs filesystems
done.
Warning: fsck not present, so skipping root file system
[    4.101706] EXT4-fs (sda1): mounted filesystem with ordered data mode. Opts: (null)
done.
Begin: Running /scripts/local-bottom ... done.
Begin: Running /scripts/init-bottom ... done.
[    4.166097] systemd[1]: systemd 229 running in system mode. (+PAM +AUDIT +SELINUX +IMA +APPARMOR +SMACK +SYSVINIT +UTMP +LIBCRYPTSETUP +GCRYPT +GNUTLS +ACL +XZ -LZ4 +SECCOMP +BLKID +ELFUTILS +KMOD -IDN)
[    4.168295] systemd[1]: Detected virtualization oracle.
[    4.168993] systemd[1]: Detected architecture x86-64.

Welcome to [1mUbuntu 16.04.7 LTS[0m!

[    4.178428] systemd[1]: Set hostname to <ubuntu>.
[    4.180647] systemd[1]: Initializing machine ID from random generator.
[    4.181507] systemd[1]: Installed transient /etc/machine-id file.
[    4.275669] systemd[1]: Created slice System Slice.
[[0;32m  OK  [0m] Created slice System Slice.
[    4.277222] systemd[1]: Listening on Journal Audit Socket.
[[0;32m  OK  [0m] Listening on Journal Audit Socket.
[    4.278796] systemd[1]: Reached target Encrypted Volumes.
[[0;32m  OK  [0m] Reached target Encrypted Volumes.
[    4.280300] systemd[1]: Listening on Journal Socket (/dev/log).
[[0;32m  OK  [0m] Listening on Journal Socket (/dev/log).
[    4.281939] systemd[1]: Listening on Journal Socket.
[[0;32m  OK  [0m] Listening on Journal Socket.
[    4.297518] systemd[1]: Starting Create list of required static device nodes for the current kernel...
         Starting Create list of required st... nodes for the current kernel...
[    4.299984] systemd[1]: Starting Set console keymap...
         Starting Set console keymap...
[    4.301438] systemd[1]: Mounting Debug File System...
         Mounting Debug File System...
[    4.303019] systemd[1]: Mounting POSIX Message Queue File System...
         Mounting POSIX Message Queue File System...
[    4.305009] systemd[1]: Listening on LVM2 metadata daemon socket.
[[0;32m  OK  [0m] Listening on LVM2 metadata daemon socket.
[    4.306306] systemd[1]: Listening on Syslog Socket.
[[0;32m  OK  [0m] Listening on Syslog Socket.
[    4.307820] systemd[1]: Mounting Huge Pages File System...
         Mounting Huge Pages File System...
[    4.324547] systemd[1]: Listening on udev Control Socket.
[[0;32m  OK  [0m] Listening on udev Control Socket.
[    4.326316] systemd[1]: Starting Journal Service...
         Starting Journal Service...
[    4.327706] systemd[1]: Set up automount Arbitrary Executable File Formats File System Automount Point.
[[0;32m  OK  [0m] Set up automount Arbitrary Executab...ats File System Automount Point.
[    4.330088] systemd[1]: Created slice system-serial\x2dgetty.slice.
[[0;32m  OK  [0m] Created slice system-serial\x2dgetty.slice.
[    4.331804] systemd[1]: Listening on udev Kernel Socket.
[[0;32m  OK  [0m] Listening on udev Kernel Socket.
[    4.338420] systemd[1]: Starting Uncomplicated firewall...
         Starting Uncomplicated firewall...
[    4.346106] systemd[1]: Reached target Swap.
[[0;32m  OK  [0m] Reached target Swap.
[    4.347244] systemd[1]: Listening on LVM2 poll daemon socket.
[[0;32m  OK  [0m] Listening on LVM2 poll daemon socket.
[    4.348581] systemd[1]: Listening on fsck to fsckd communication Socket.
[[0;32m  OK  [0m] Listening on fsck to fsckd communication Socket.
[    4.350424] systemd[1]: Starting File System Check on Root Device...
         Starting File System Check on Root Device...
[    4.351759] systemd[1]: Listening on /dev/initctl Compatibility Named Pipe.
[[0;32m  OK  [0m] Listening on /dev/initctl Compatibility Named Pipe.
[    4.353842] systemd[1]: Reached target System Time Synchronized.
[[0;32m  OK  [0m] Reached target System Time Synchronized.
[    4.355431] systemd[1]: Created slice User and Session Slice.
[[0;32m  OK  [0m] Created slice User and Session Slice.
[    4.356847] systemd[1]: Reached target User and Group Name Lookups.
[[0;32m  OK  [0m] Reached target User and Group Name Lookups.
[    4.358117] systemd[1]: Reached target Slices.
[[0;32m  OK  [0m] Reached target Slices.
[    4.359540] systemd[1]: Starting Nameserver information manager...
         Starting Nameserver information manager...
[    4.363011] systemd[1]: Starting Load Kernel Modules...
         Starting Load Kernel Modules...
[    4.364193] systemd[1]: Listening on Device-mapper event daemon FIFOs.
[[0;32m  OK  [0m] Listening on Device-mapper event daemon FIFOs.
[    4.366291] systemd[1]: Starting Monitoring of LVM2 mirrors, snapshots etc. using dmeventd or progress polling...
         Starting Monitoring of LVM2 mirrors... dmeventd or progress polling...
[    4.368400] systemd[1]: Started Forward Password Requests to Wall Directory Watch.
[[0;32m  OK  [0m] Started Forward Password Requests to Wall Directory Watch.
[    4.370364] systemd[1]: Started Trigger resolvconf update for networkd DNS.
[[0;32m  OK  [0m] Started Trigger resolvconf update for networkd DNS.
[    4.373358] systemd[1]: Mounted Huge Pages File System.
[[0;32m  OK  [0[    4.374423] Loading iSCSI transport class v2.0-870.
m] Mounted Huge Pages File System.
[    4.375222] systemd[1]: Mounted POSIX Message Queue File System.
[[0;32m  OK  [0m] Mounted POSIX Message Queue File System.
[    4.376627] systemd[1]: Mounted Debug File System.
[[0;32m  OK  [0m] Mounted Debug File System.
[    4.378066] systemd[1]: Started Journal Service.
[[0;32m  OK  [0m] Started Journal Service.
[[0;32m  OK  [0m] Started Create list of required sta...ce nodes for the current kernel.
[[0;32m  OK  [0m] Started Set console keymap.
[    4.382074] iscsi: registered transport (tcp)
[[0;32m  OK  [0m] Started Uncomplicated firewall.
[[0;32m  OK  [0m] Started File System Check on Root Device.
[    4.398497] iscsi: registered transport (iser)
[[0;32m  OK  [0m] Started Load Kernel Modules.
[[0;32m  OK  [0m] Started Nameserver information manager.
[[0;32m  OK  [0m] Started LVM2 metadata daemon.
[[0;32m  OK  [0m] Started File System Check Daemon to report status.
         Mounting FUSE Control File System...
         Starting Apply Kernel Variables...
         Starting Remount Root and Kernel File Systems...
         Starting Create Static Device Nodes in /dev...
[[0;32m  OK  [0m] Mounted FUSE Control File System.
[    4.423683] EXT4-fs (sda1): re-mounted. Opts: (null)
[[0;32m  OK  [0m] Started Apply Kernel Variables.
[[0;32m  OK  [0m] Started Remount Root and Kernel File Systems.
         Starting Flush Journal to Persistent Storage...
         Starting udev Coldplug all Devices...
         Starting Load/Save Random Seed...
[[0;32m  OK  [0m] Started Create Static Device Nodes in /dev.
         Starting udev Kernel Device Manager...
[[0;32m  OK  [0m] Started Flush Journal to Persistent Storage.
[[0;32m  OK  [0m] Started Load/Save Random Seed.
[[0;32m  OK  [0m] Started udev Kernel Device Manager.
[[0;32m  OK  [0m] Started udev Coldplug all Devices.
[[0;32m  OK  [0m] Started Dispatch Password Requests to Console Directory Watch.
[[0;32m  OK  [0m] Started Monitoring of LVM2 mirrors,...ng dmeventd or progress polling.
[[0;32m  OK  [0m] Reached target Local File Systems (Pre).
[[0;32m  OK  [0m] Reached target Local File Systems.
         Starting LSB: AppArmor initialization...
         Starting Set console font and keymap...
         Starting Commit a transient machine-id on disk...
         Starting Create Volatile Files and Directories...
         Starting Initial cloud-init job (pre-networking)...
         Starting Tell Plymouth To Write Out Runtime Data...
[[0;32m  OK  [0m] Started Create Volatile Files and Directories.
         Starting Update UTMP about System Boot/Shutdown...
[[0;32m  OK  [0m] Started Tell Plymouth To Write Out Runtime Data.
[[0;32m  OK  [0m] Started Update UTMP about System Boot/Shutdown.
[[0;32m  OK  [0m] Started Commit a transient machine-id on disk.
[[0;32m  OK  [0m] Found device /dev/ttyS0.
[[0;32m  OK  [0m] Listening on Load/Save RF Kill Switch Status /dev/rfkill Watch.
[[0;32m  OK  [0m] Started LSB: AppArmor initialization.
[    5.157634] cloud-init[497]: Cloud-init v. 21.1-19-gbad84ad4-0ubuntu1~16.04.2 running 'init-local' at Sat, 13 Jul 2024 22:51:25 +0000. Up 4.87 seconds.
[[0;32m  OK  [0m] Started Initial cloud-init job (pre-networking).
[[0;32m  OK  [0m] Reached target Network (Pre).
         Starting Load AppArmor profiles managed internally by snapd...
         Starting Raise network interfaces...
[[0;32m  OK  [0m] Started Set console font and keymap.
[[0;32m  OK  [0m] Started Load AppArmor profiles managed internally by snapd.
[[0;32m  OK  [0m] Created slice system-getty.slice.
[[0;32m  OK  [0m] Started Raise network interfaces.
[[0;32m  OK  [0m] Reached target Network.
         Starting Initial cloud-init job (metadata service crawler)...
[    6.100313] cloud-init[953]: Cloud-init v. 21.1-19-gbad84ad4-0ubuntu1~16.04.2 running 'init' at Sat, 13 Jul 2024 22:51:26 +0000. Up 5.68 seconds.
[    6.101356] cloud-init[953]: ci-info: ++++++++++++++++++++++++++++++++++++++Net device info+++++++++++++++++++++++++++++++++++++++
[    6.102320] cloud-init[953]: ci-info: +--------+-------+----------------------------+---------------+--------+-------------------+
[    6.103288] cloud-init[953]: ci-info: | Device |   Up  |          Address           |      Mask     | Scope  |     Hw-Address    |
[    6.104222] cloud-init[953]: ci-info: +--------+-------+----------------------------+---------------+--------+-------------------+
[    6.105171] cloud-init[953]: ci-info: | enp0s3 |  True |         10.0.2.15          | 255.255.255.0 | global | 02:be:82:6b:cc:1d |
[    6.106131] cloud-init[953]: ci-info: | enp0s3 |  True | fe80::be:82ff:fe6b:cc1d/64 |       .       |  link  | 02:be:82:6b:cc:1d |
[    6.107085] cloud-init[953]: ci-info: | enp0s8 | False |             .              |       .       |   .    | 08:00:27:5a:6a:9b |
[    6.108113] cloud-init[953]: ci-info: |   lo   |  True |         127.0.0.1          |   255.0.0.0   |  host  |         .         |
[    6.109062] cloud-init[953]: ci-info: |   lo   |  True |          ::1/128           |       .       |  host  |         .         |
[    6.110021] cloud-init[953]: ci-info: +--------+-------+----------------------------+---------------+--------+-------------------+
[    6.110979] cloud-init[953]: ci-info: +++++++++++++++++++++++++++Route IPv4 info++++++++++++++++++++++++++++
[    6.111835] cloud-init[953]: ci-info: +-------+-------------+----------+---------------+-----------+-------+
[    6.112665] cloud-init[953]: ci-info: | Route | Destination | Gateway  |    Genmask    | Interface | Flags |
[    6.113474] cloud-init[953]: ci-info: +-------+-------------+----------+---------------+-----------+-------+
[    6.114315] cloud-init[953]: ci-info: |   0   |   0.0.0.0   | 10.0.2.2 |    0.0.0.0    |   enp0s3  |   UG  |
[    6.115170] cloud-init[953]: ci-info: |   1   |   10.0.2.0  | 0.0.0.0  | 255.255.255.0 |   enp0s3  |   U   |
[    6.116064] cloud-init[953]: ci-info: +-------+-------------+----------+---------------+-----------+-------+
[    6.124339] cloud-init[953]: ci-info: +++++++++++++++++++Route IPv6 info+++++++++++++++++++
[    6.125025] cloud-init[953]: ci-info: +-------+-------------+---------+-----------+-------+
[    6.125757] cloud-init[953]: ci-info: | Route | Destination | Gateway | Interface | Flags |
[    6.126508] cloud-init[953]: ci-info: +-------+-------------+---------+-----------+-------+
[    6.127261] cloud-init[953]: ci-info: |   0   |  fe80::/64  |    ::   |   enp0s3  |   U   |
[    6.127982] cloud-init[953]: ci-info: |   3   |   ff00::/8  |    ::   |   enp0s3  |   U   |
[    6.128773] cloud-init[953]: ci-info: +-------+-------------+---------+-----------+-------+
[    6.129507] cloud-init[953]: Generating public/private rsa key pair.
[    6.130111] cloud-init[953]: Your identification has been saved in /etc/ssh/ssh_host_rsa_key.
[    6.130876] cloud-init[953]: Your public key has been saved in /etc/ssh/ssh_host_rsa_key.pub.
[    6.131634] cloud-init[953]: The key fingerprint is:
[    6.132160] cloud-init[953]: SHA256:/mLGFiFOaFDjpo0qQOp3wBEQT9zQGD7ssiQhvqh8rtI root@ubuntu-xenial
[    6.132908] cloud-init[953]: The key's randomart image is:
[    6.133503] cloud-init[953]: +---[RSA 2048]----+
[    6.134083] cloud-init[953]: | o+*O            |
[    6.134603] cloud-init[953]: |  *+.+           |
[    6.135096] cloud-init[953]: |o. Bo.           |
[    6.135675] cloud-init[953]: |=.o== o .        |
[    6.140270] cloud-init[953]: |++o=.o .S.       |
[    6.140779] cloud-init[953]: |*.+ . ...        |
[    6.141282] cloud-init[953]: |+= . . ...       |
[    6.141778] cloud-init[953]: |= E..   *.       |
[    6.142291] cloud-init[953]: |oo+.   + ..      |
[    6.142807] cloud-init[953]: +----[SHA256]-----+
[    6.143347] cloud-init[953]: Generating public/private dsa key pair.
[    6.143988] cloud-init[953]: Your identification has been saved in /etc/ssh/ssh_host_dsa_key.
[    6.144764] cloud-init[953]: Your public key has been saved in /etc/ssh/ssh_host_dsa_key.pub.
[    6.145534] cloud-init[953]: The key fingerprint is:
[    6.146061] cloud-init[953]: SHA256:DjbcDWxdJeb4iggSd1abCzYeWiV9IGvmVqDpRtqYYw0 root@ubuntu-xenial
[    6.146843] cloud-init[953]: The key's randomart image is:
[    6.147428] cloud-init[953]: +---[DSA 1024]----+
[    6.147939] cloud-init[953]: |      +.+.  +..  |
[    6.148475] cloud-init[953]: |     o O.+.= .   |
[    6.148994] cloud-init[953]: |  E = % B.o .    |
[    6.149526] cloud-init[953]: |   % % B + .     |
[    6.150033] cloud-init[953]: |  B B O S . .    |
[    6.150525] cloud-init[953]: | . + + = . .     |
[    6.151040] cloud-init[953]: |      . o .      |
[    6.151567] cloud-init[953]: |                 |
[[0;32m  OK  [0m] Started Initial cloud-init job (metadata service crawler).
[[0;32m  OK  [0m] Reached target System Initialization.
[    6.152131] cloud-init[953]: |                 |
[[0;32m  OK  [0m] Started ACPI Events Check.
[[0;32m  OK  [0m] Reached target Paths.
[[0;32m  OK  [0m] Started Ubuntu Advantage update messaging.
[[0;32m  OK  [0m] Listening on ACPID Listen Socket.
[[0;32m  OK  [0m] Started Daily apt download activities.
         Starting Socket activation for snappy daemon.
[    6.153451] cloud-init[953]: +----[SHA256]-----+
[    6.155775] cloud-init[953]: Generating public/private ecdsa key pair.
         Starting LXD - unix socket.
[[0;32m  OK  [0m] Started Message of the Day.
[[0;32m  OK  [0m] Started Daily apt upgrade and clean activities.
[[0;32m  OK  [0m] Listening on D-Bus System Message Bus Socket.
[[0;32m  OK  [0m] Listening on UUID daemon activation socket.
[[0;32m  OK  [0m] Started Daily Cleanup of Temporary Directories.
[[0;32m  OK  [0m] Reached target Timers.
[[0;32m  OK  [0m] Reached target Cloud-config availability.
[[0;32m  OK  [0m] Reached target Network is Online.
[    6.159243] cloud-init[953]: Your identification has been saved in /etc/ssh/ssh_host_ecdsa_key.
[    6.166378] cloud-init[953]: Your public key has been saved in /etc/ssh/ssh_host_ecdsa_key.pub.
[    6.167089] cloud-init[953]: The key fingerprint is:
[    6.179592] cloud-init[953]: SHA256:9rILOTrMo3nDqy+JDF+6qwoqkVdzxxHXi8WkPMRJRAE root@ubuntu-xenial
[    6.180342] cloud-init[953]: The key's randomart image is:
[    6.181109] cloud-init[953]: +---[ECDSA 256]---+
[    6.181536] cloud-init[953]: |        EBB*.    |
         Starting iSCSI initiator daemon (iscsid)...
[[0;32m  OK  [0m] Listening on Socket activation for snappy daemon.
[[0;32m  OK  [0m] Listening on LXD - unix socket.
[[0;32m  OK  [0m] Reached target Sockets.
[[0;32m  OK  [0m] Reached target Basic System.
         Starting System Logging Service...
         Starting LSB: Record successful boot for GRUB...
[    6.181988] cloud-init[953]: |        .+o.+    |
         Starting Pollinate to seed the pseudo random number generator...
         Starting Accounts Service...
         Starting /etc/rc.local Compatibility...
[[0;32m  OK  [0m] Started Deferred execution scheduler.
         Starting Snap Daemon...
         Starting LXD - container startup/shutdown...
[    6.191433] cloud-init[953]: |       . .+o .   |
[[0;32m  OK  [0m] Started ACPI event daemon.
         Starting Login Service...
[[0;32m  OK  [0m] Started FUSE filesystem for LXC.
[[0;32m  OK  [0m] Started Regular background program processing daemon.
         Starting Virtualbox guest utils...
         Starting LSB: MD monitoring daemon...
[[0;32m  OK  [0m] Started D-Bus System Message Bus.
[    6.201534] cloud-init[953]: |    o . o ...    |
[    6.207222] cloud-init[953]: | . . o .S        |
[    6.208442] cloud-init[953]: |+ . .  o .       |
[    6.209821] cloud-init[953]: |+= B  + . .      |
[    6.211412] cloud-init[953]: |=.=.O. o o       |
[    6.214266] cloud-init[953]: |*.*O+=  o.       |
[    6.216387] cloud-init[953]: +----[SHA256]-----+
[    6.218969] cloud-init[953]: Generating public/private ed25519 key pair.
[    6.220577] cloud-init[953]: Your identification has been saved in /etc/ssh/ssh_host_ed25519_key.
[    6.221515] cloud-init[953]: Your public key has been saved in /etc/ssh/ssh_host_ed25519_key.pub.
[    6.222224] cloud-init[953]: The key fingerprint is:
[    6.223848] cloud-init[953]: SHA256:r7T6BaKnVdHmj0jsM8QLNd6A6bwL9Bzlhr4E/mLBc1U root@ubuntu-xenial
[    6.224793] cloud-init[953]: The key's randomart image is:
[    6.225640] cloud-init[953]: +--[ED25519 256]--+
[    6.232507] cloud-init[953]: |                 |
[    6.243246] [cloud-init[0;32m  OK  [0m[953]: ] |       o .E      |Started System Logging Service.

[    6.244108] cloud-init[953]: |      o *.o      |
[    6.244609] cloud-init[953]: |     o O.B       |
[    6.245390] cloud-init[953]: |   .o B.S o      |
[    6.245913] cloud-init[953]: |   o+*.@ = o     |
[    6.246710] cloud-init[953]: |    ++O B + .    |
[    6.247458] cloud-init[953]: |    oB + *       |
[    6.248103] cloud-init[953]: |   ...=o+        |
[    6.248766] cloud-init[953]: +----[SHA256]-----+
[[0;32m  OK  [0m] Started /etc/rc.local Compatibility.
         Starting Authenticate and Authorize Users to Run Privileged Tasks...
[[0;32m  OK  [0m] Started Login Service.
[[0;32m  OK  [0m] Started iSCSI initiator daemon (iscsid).
         Starting Login to default iSCSI targets...
[[0;32m  OK  [0m] Started Unattended Upgrades Shutdown.
[[0;32m  OK  [0m] Started LXD - container startup/shutdown.
[[0;32m  OK  [0m] Started LSB: MD monitoring daemon.
[[0;32m  OK  [0m] Started Login to default iSCSI targets.
[[0;32m  OK  [0m] Reached target Remote File Systems (Pre).
[[0;32m  OK  [0m] Reached target Remote File Systems.
         Starting LSB: automatic crash report generation...
         Starting Permit User Sessions...
         Starting LSB: Set the CPU Frequency Scaling governor to "ondemand"...
         Starting LSB: daemon to balance interrupts for SMP systems...
[[0;32m  OK  [0m] Started Permit User Sessions.
         Starting Hold until boot process finishes up...
         Starting Terminate Plymouth Boot Screen...
[[0;32m  OK  [0m] Started Hold until boot process finishes up.
[[0;32m  OK  [0m] Started Serial Getty on ttyS0.
[[0;32m  OK  [0m] Started Getty on tty1.
[[0;32m  OK  [0m] Reached target Login Prompts.
         Starting Set console scheme...
[[0;32m  OK  [0m] Started LSB: Set the CPU Frequency Scaling governor to "ondemand".
[[0;32m  OK  [0m] Started Terminate Plymouth Boot Screen.
[[0;32m  OK  [0m] Started Set console scheme.
[[0;32m  OK  [0m] Started LSB: daemon to balance interrupts for SMP systems.
[[0;32m  OK  [0m] Started Authenticate and Authorize Users to Run Privileged Tasks.
[[0;32m  OK  [0m] Started LSB: Record successful boot for GRUB.
[[0;32m  OK  [0m] Started LSB: automatic crash report generation.
[[0;32m  OK  [0m] Started Accounts Service.
[[0;32m  OK  [0m] Started Virtualbox guest utils.
[[0;32m  OK  [0m] Started Snap Daemon.
         Starting Wait until snapd is fully seeded...
[[0;32m  OK  [0m] Started Pollinate to seed the pseudo random number generator.
         Starting OpenBSD Secure Shell server...
[[0;32m  OK  [0m] Started OpenBSD Secure Shell server.

Ubuntu 16.04.7 LTS ubuntu-xenial ttyS0

ubuntu-xenial login: [   16.462508] cloud-init[1556]: Generating locales (this might take a while)...
[   16.951847] cloud-init[1556]:   en_US.UTF-8... done
[   16.952273] cloud-init[1556]: Generation complete.
[   17.152794] cloud-init[1556]: Cloud-init v. 21.1-19-gbad84ad4-0ubuntu1~16.04.2 running 'modules:config' at Sat, 13 Jul 2024 22:51:37 +0000. Up 16.38 seconds.
ci-info: no authorized SSH keys fingerprints found for user ubuntu.
<14>Jul 13 22:51:38 ec2: 
<14>Jul 13 22:51:38 ec2: #############################################################
<14>Jul 13 22:51:38 ec2: -----BEGIN SSH HOST KEY FINGERPRINTS-----
<14>Jul 13 22:51:38 ec2: 1024 SHA256:DjbcDWxdJeb4iggSd1abCzYeWiV9IGvmVqDpRtqYYw0 root@ubuntu-xenial (DSA)
<14>Jul 13 22:51:38 ec2: 256 SHA256:9rILOTrMo3nDqy+JDF+6qwoqkVdzxxHXi8WkPMRJRAE root@ubuntu-xenial (ECDSA)
<14>Jul 13 22:51:38 ec2: 256 SHA256:r7T6BaKnVdHmj0jsM8QLNd6A6bwL9Bzlhr4E/mLBc1U root@ubuntu-xenial (ED25519)
<14>Jul 13 22:51:38 ec2: 2048 SHA256:/mLGFiFOaFDjpo0qQOp3wBEQT9zQGD7ssiQhvqh8rtI root@ubuntu-xenial (RSA)
<14>Jul 13 22:51:38 ec2: -----END SSH HOST KEY FINGERPRINTS-----
<14>Jul 13 22:51:38 ec2: #############################################################
-----BEGIN SSH HOST KEY KEYS-----
ecdsa-sha2-nistp256 AAAAE2VjZHNhLXNoYTItbmlzdHAyNTYAAAAIbmlzdHAyNTYAAABBBE9icKiKMViNhfpaiagy7/EsroVrUiBLXzDmf3ELNn1qwtIc77UiNGm7qw5ZiQbAdIXo5QUS7TJOmqcuqcDSlNE= root@ubuntu-xenial
ssh-ed25519 AAAAC3NzaC1lZDI1NTE5AAAAIDmbIRuxSwYAhzXeEjzDUHdLHI97Gv6XfV0CVVkmlRez root@ubuntu-xenial
ssh-rsa AAAAB3NzaC1yc2EAAAADAQABAAABAQC3ZO13R0NMHGBuf/1iM7IRH7J84EfRgLoDE6lh1j6Nk3ahueDCyD6s0rOcYZhMDr93P6XmhbzQLV5qKI+h/mKv4pwPltClbxws/0zhhZEDSTvmm+9jS0wz7LusYzZybxNcZ7qkWaIZIlLtdqI5TQ4Vg5/q/b0Gat4jGKrm2KWJRnGR2WzMvZf/ltsPTUPizkZVX3mVkogtB4Trg1Vimfz9/qqY6GDQIms8xNC8QqlM9MG+K/tpUDazqKkJEBOqR5SATBtTgJT+kAxw2Q2qTqpJ68PTKAUt0pq9u8Pln+hCsE5hORt3l+HRSfyUhlVNY1Nvtv+RVhZoa03FZXymURMh root@ubuntu-xenial
-----END SSH HOST KEY KEYS-----
[   17.477307] cloud-init[1667]: Cloud-init v. 21.1-19-gbad84ad4-0ubuntu1~16.04.2 running 'modules:final' at Sat, 13 Jul 2024 22:51:38 +0000. Up 17.38 seconds.
[   17.478340] cloud-init[1667]: ci-info: no authorized SSH keys fingerprints found for user ubuntu.
[   17.479021] cloud-init[1667]: Cloud-init v. 21.1-19-gbad84ad4-0ubuntu1~16.04.2 finished at Sat, 13 Jul 2024 22:51:38 +0000. Datasource DataSourceNoCloud [seed=/dev/sdb][dsmode=net].  Up 17.47 seconds
